-2KGPYEFnsU/3_1
-2KGPYEFnsU/5_1
-3KCgSpt3hU/1_2
-4GNkXEUOwY/0_1_0
-4GNkXEUOwY/4_0_0
-4GNkXEUOwY/4_6_0
-4GNkXEUOwY/5_1_0
-4GNkXEUOwY/6_0_1
-4GNkXEUOwY/6_0_2
-4GNkXEUOwY/6_0_3
-8cZ4rlEdIU/2_1_1
-8cZ4rlEdIU/2_1_10
-8cZ4rlEdIU/2_1_11
-8cZ4rlEdIU/2_1_2
-8cZ4rlEdIU/2_1_4
-8cZ4rlEdIU/2_1_6
-8cZ4rlEdIU/2_1_8
-8ya_8Co8Ss/4_0_0
-8ya_8Co8Ss/5_0_0
-9SgTWyhQL4/0_0_0
-9SgTWyhQL4/0_0_1
-9SgTWyhQL4/2_0_0
-9SgTWyhQL4/3_0_0
-9SgTWyhQL4/3_0_1
-C77OR13vPU/13_0_1
-C77OR13vPU/25_0_3
-C77OR13vPU/25_0_4
-HWkUQJjVrI/1_0
-HWkUQJjVrI/4_0
-J5F6VD1MN4/0_1_1
-J5F6VD1MN4/0_1_11
-J5F6VD1MN4/0_1_12
-J5F6VD1MN4/0_1_13
-J5F6VD1MN4/0_1_14
-J5F6VD1MN4/0_1_16
-J5F6VD1MN4/0_1_2
-J5F6VD1MN4/0_1_3
-J5F6VD1MN4/0_1_6
-J5F6VD1MN4/0_1_8
-J5F6VD1MN4/1_0_0
-J5F6VD1MN4/1_0_1
-J5F6VD1MN4/2_0_0
-J5F6VD1MN4/2_0_1
-J5F6VD1MN4/2_0_2
-J5F6VD1MN4/2_0_3
-J5F6VD1MN4/2_0_4
-J5F6VD1MN4/2_0_7
-J5F6VD1MN4/2_0_8
-J5F6VD1MN4/2_0_9
-JKZeB_NZm0/11_0_0
-JKZeB_NZm0/11_0_1
-JKZeB_NZm0/11_1_0
-JKZeB_NZm0/12_4_0
-JKZeB_NZm0/12_4_1
-JKZeB_NZm0/16_1_0
-JKZeB_NZm0/7_2_0
-JKZeB_NZm0/9_0_0
-LJjxuHLI4U/0_0_1
-LJjxuHLI4U/19_0_0
-LJjxuHLI4U/23_3_0
-LJjxuHLI4U/23_3_2
-LJjxuHLI4U/23_6_0
-LJjxuHLI4U/2_1_0
-LJjxuHLI4U/38_0_0
-LJjxuHLI4U/51_8_0
-LJjxuHLI4U/66_0_0
-LJjxuHLI4U/72_0_1
-OFtGUX-9Z0/3_0_1
-OFtGUX-9Z0/3_0_2
-OFtGUX-9Z0/3_0_3
-OFtGUX-9Z0/5_0_1
-OFtGUX-9Z0/5_0_4
-OFtGUX-9Z0/5_0_5
-PFdr0SiAEw/1_0
-PFdr0SiAEw/3_1
-PFdr0SiAEw/3_2
-PFdr0SiAEw/4_0
-QNxYSDdpig/3_2
-SquB8m_MVo/1_0_0
-YNsl3kWSfc/0_0_0
-YNsl3kWSfc/1_0_0
-YNsl3kWSfc/2_0_0
-YNsl3kWSfc/3_0_0
-YNsl3kWSfc/4_0_0
-YNsl3kWSfc/4_0_1
-YNsl3kWSfc/5_0_0
-YNsl3kWSfc/6_0_0
-YNsl3kWSfc/6_0_1
-YNsl3kWSfc/7_0_0
-YNsl3kWSfc/8_0_0
-YNsl3kWSfc/8_0_1
-YNsl3kWSfc/9_0_1
-YNsl3kWSfc/9_0_3
-_zyvfId578/1_0_0
-_zyvfId578/1_0_2
-_zyvfId578/1_0_3
-_zyvfId578/8_0_0
-_zyvfId578/8_0_10
-_zyvfId578/8_0_11
-_zyvfId578/8_0_13
0IEYKinDZyc/2_0_0
0IEYKinDZyc/2_0_1
0IEYKinDZyc/2_0_2
0JRa7ocnNEE/18_0_0
0JRa7ocnNEE/18_0_1
0JRa7ocnNEE/18_0_2
0Lg-76xJhws/2_0_1
0Lg-76xJhws/5_0_1
0Lg-76xJhws/6_0_0
0Lg-76xJhws/7_0_1
0Lg-76xJhws/8_0_0
0Z0N4N1cb5k/0_0
0Z0N4N1cb5k/0_1
0Z0N4N1cb5k/0_2
0Z0N4N1cb5k/0_3
